#
# There is insufficient memory for the Java Runtime Environment to continue.
# Native memory allocation (malloc) failed to allocate 1048576 bytes. Error detail: AllocateHeap
# Possible reasons:
#   The system is out of physical RAM or swap space
#   This process is running with CompressedOops enabled, and the Java Heap may be blocking the growth of the native heap
# Possible solutions:
#   Reduce memory load on the system
#   Increase physical memory or swap space
#   Check if swap backing store is full
#   Decrease Java heap size (-Xmx/-Xms)
#   Decrease number of Java threads
#   Decrease Java thread stack sizes (-Xss)
#   Set larger code cache with -XX:ReservedCodeCacheSize=
#   JVM is running with Unscaled Compressed Oops mode in which the Java heap is
#     placed in the first 4GB address space. The Java Heap base address is the
#     maximum limit for the native heap growth. Please use -XX:HeapBaseMinAddress
#     to set the Java Heap base and to place the Java Heap above 4GB virtual address.
# This output file may be truncated or incomplete.
#
#  Out of Memory Error (allocation.cpp:44), pid=2604, tid=4924
#
# JRE version: OpenJDK Runtime Environment Temurin-21.0.10+7 (21.0.10+7) (build 21.0.10+7-LTS)
# Java VM: OpenJDK 64-Bit Server VM Temurin-21.0.10+7 (21.0.10+7-LTS, mixed mode, sharing, tiered, compressed oops, compressed class ptrs, parallel gc, windows-amd64)
# No core dump will be written. Minidumps are not enabled by default on client versions of Windows
#

---------------  S U M M A R Y ------------

Command Line: --add-modules=ALL-SYSTEM --add-opens=java.base/java.util=ALL-UNNAMED --add-opens=java.base/java.lang=ALL-UNNAMED --add-opens=java.base/sun.nio.fs=ALL-UNNAMED -Declipse.application=org.eclipse.jdt.ls.core.id1 -Dosgi.bundles.defaultStartLevel=4 -Declipse.product=org.eclipse.jdt.ls.core.product -Djava.import.generatesMetadataFilesAtProjectRoot=false -DDetectVMInstallationsJob.disabled=true -Dfile.encoding=utf8 -XX:+UseParallelGC -XX:GCTimeRatio=4 -XX:AdaptiveSizePolicyWeight=90 -Dsun.zip.disableMemoryMapping=true -Xmx2G -Xms100m -Xlog:disable -javaagent:c:\Users\Carlo\.antigravity\extensions\redhat.java-1.53.0-win32-x64\lombok\lombok-1.18.39-4050.jar -XX:+HeapDumpOnOutOfMemoryError -XX:HeapDumpPath=c:\Users\Carlo\AppData\Roaming\Antigravity\User\workspaceStorage\faffdeba33756e25f9ca15c8ff8a33c3\redhat.java -Daether.dependencyCollector.impl=bf c:\Users\Carlo\.antigravity\extensions\redhat.java-1.53.0-win32-x64\server\plugins\org.eclipse.equinox.launcher_1.7.100.v20251111-0406.jar -configuration c:\Users\Carlo\AppData\Roaming\Antigravity\User\globalStorage\redhat.java\1.53.0\config_win -data c:\Users\Carlo\AppData\Roaming\Antigravity\User\workspaceStorage\faffdeba33756e25f9ca15c8ff8a33c3\redhat.java\jdt_ws --pipe=\\.\pipe\lsp-c42fc382c9dc2e8e0b0f8bf32beaa58d-sock

Host: Intel(R) Core(TM) i3-10110U CPU @ 2.10GHz, 4 cores, 3G,  Windows 11 , 64 bit Build 26100 (10.0.26100.7920)
Time: Fri Mar 27 12:52:18 2026 Hora oficial do Brasil elapsed time: 6967.987398 seconds (0d 1h 56m 7s)

---------------  T H R E A D  ---------------

Current thread (0x000002a5f91551c0):  JavaThread "Attach Listener" daemon [_thread_in_vm, id=4924, stack(0x000000b32a200000,0x000000b32a300000) (1024K)]

Stack: [0x000000b32a200000,0x000000b32a300000]
Native frames: (J=compiled Java code, j=interpreted, Vv=VM code, C=native code)
V  [jvm.dll+0x6d7a39]
V  [jvm.dll+0x8b4b26]
V  [jvm.dll+0x8b70de]
V  [jvm.dll+0x8b77c3]
V  [jvm.dll+0x284346]
V  [jvm.dll+0xc1277]
V  [jvm.dll+0x6d82e9]
V  [jvm.dll+0x1334a6]
V  [jvm.dll+0x3f857e]
V  [jvm.dll+0x85f59d]
V  [jvm.dll+0x6d626d]
C  [ucrtbase.dll+0x37b0]
C  [KERNEL32.DLL+0x2e8d7]
C  [ntdll.dll+0x8c48c]


---------------  P R O C E S S  ---------------

Threads class SMR info:
_java_thread_list=0x000002a5c30d9120, length=31, elements={
0x000002a5e03a7ff0, 0x000002a5e281a500, 0x000002a5e281de90, 0x000002a5f9152650,
0x000002a5f91551c0, 0x000002a5f9155c20, 0x000002a5f9156680, 0x000002a5f91598d0,
0x000002a5f91d2740, 0x000002a5fe147ee0, 0x000002a5fe285000, 0x000002a5fe66ed50,
0x000002a5fe86ae40, 0x000002a5fe17d990, 0x000002a5fe0df090, 0x000002a5fef5ade0,
0x000002a5feef8760, 0x000002a5fecf5bd0, 0x000002a5fe0b7d20, 0x000002a5fe0b8a40,
0x000002a5ff1d9900, 0x000002a5ff1db340, 0x000002a5ff1da620, 0x000002a5ff1d9270,
0x000002a5ff1dd410, 0x000002a5ff1de130, 0x000002a5ff1dacb0, 0x000002a5ff1df4e0,
0x000002a5ff1dc6f0, 0x000002a5c2014fd0, 0x000002a5ff1e0200
}

Java Threads: ( => current thread )
  0x000002a5e03a7ff0 JavaThread "main"                              [_thread_blocked, id=3732, stack(0x000000b329b00000,0x000000b329c00000) (1024K)]
  0x000002a5e281a500 JavaThread "Reference Handler"          daemon [_thread_blocked, id=14156, stack(0x000000b329f00000,0x000000b32a000000) (1024K)]
  0x000002a5e281de90 JavaThread "Finalizer"                  daemon [_thread_blocked, id=7976, stack(0x000000b32a000000,0x000000b32a100000) (1024K)]
  0x000002a5f9152650 JavaThread "Signal Dispatcher"          daemon [_thread_blocked, id=6768, stack(0x000000b32a100000,0x000000b32a200000) (1024K)]
=>0x000002a5f91551c0 JavaThread "Attach Listener"            daemon [_thread_in_vm, id=4924, stack(0x000000b32a200000,0x000000b32a300000) (1024K)]
  0x000002a5f9155c20 JavaThread "Service Thread"             daemon [_thread_blocked, id=10340, stack(0x000000b32a300000,0x000000b32a400000) (1024K)]
  0x000002a5f9156680 JavaThread "Monitor Deflation Thread"   daemon [_thread_blocked, id=1416, stack(0x000000b32a400000,0x000000b32a500000) (1024K)]
  0x000002a5f91598d0 JavaThread "C2 CompilerThread0"         daemon [_thread_blocked, id=19672, stack(0x000000b32a500000,0x000000b32a600000) (1024K)]
  0x000002a5f91d2740 JavaThread "C1 CompilerThread0"         daemon [_thread_blocked, id=7512, stack(0x000000b32a600000,0x000000b32a700000) (1024K)]
  0x000002a5fe147ee0 JavaThread "Common-Cleaner"             daemon [_thread_blocked, id=9540, stack(0x000000b32a700000,0x000000b32a800000) (1024K)]
  0x000002a5fe285000 JavaThread "Notification Thread"        daemon [_thread_blocked, id=16016, stack(0x000000b32a800000,0x000000b32a900000) (1024K)]
  0x000002a5fe66ed50 JavaThread "Active Thread: Equinox Container: cdfff796-abc7-42f8-a3b5-d2168903c6c5"        [_thread_blocked, id=6404, stack(0x000000b32ac00000,0x000000b32ad00000) (1024K)]
  0x000002a5fe86ae40 JavaThread "Refresh Thread: Equinox Container: cdfff796-abc7-42f8-a3b5-d2168903c6c5" daemon [_thread_blocked, id=17128, stack(0x000000b32ad00000,0x000000b32ae00000) (1024K)]
  0x000002a5fe17d990 JavaThread "Framework Event Dispatcher: Equinox Container: cdfff796-abc7-42f8-a3b5-d2168903c6c5" daemon [_thread_blocked, id=3036, stack(0x000000b32ae00000,0x000000b32af00000) (1024K)]
  0x000002a5fe0df090 JavaThread "Start Level: Equinox Container: cdfff796-abc7-42f8-a3b5-d2168903c6c5" daemon [_thread_blocked, id=8880, stack(0x000000b32af00000,0x000000b32b000000) (1024K)]
  0x000002a5fef5ade0 JavaThread "Bundle File Closer"         daemon [_thread_blocked, id=6780, stack(0x000000b32b000000,0x000000b32b100000) (1024K)]
  0x000002a5feef8760 JavaThread "SCR Component Actor"        daemon [_thread_blocked, id=6424, stack(0x000000b32b100000,0x000000b32b200000) (1024K)]
  0x000002a5fecf5bd0 JavaThread "Worker-JM"                         [_thread_blocked, id=2180, stack(0x000000b32b200000,0x000000b32b300000) (1024K)]
  0x000002a5fe0b7d20 JavaThread "JNA Cleaner"                daemon [_thread_blocked, id=14520, stack(0x000000b32b300000,0x000000b32b400000) (1024K)]
  0x000002a5fe0b8a40 JavaThread "Java indexing"              daemon [_thread_blocked, id=2136, stack(0x000000b32b600000,0x000000b32b700000) (1024K)]
  0x000002a5ff1d9900 JavaThread "Thread-1"                   daemon [_thread_in_native, id=12900, stack(0x000000b32bc00000,0x000000b32bd00000) (1024K)]
  0x000002a5ff1db340 JavaThread "Thread-2"                   daemon [_thread_in_native, id=4864, stack(0x000000b32bd00000,0x000000b32be00000) (1024K)]
  0x000002a5ff1da620 JavaThread "Thread-3"                   daemon [_thread_in_native, id=8692, stack(0x000000b32be00000,0x000000b32bf00000) (1024K)]
  0x000002a5ff1d9270 JavaThread "Thread-4"                   daemon [_thread_in_native, id=1012, stack(0x000000b32bf00000,0x000000b32c000000) (1024K)]
  0x000002a5ff1dd410 JavaThread "Thread-5"                   daemon [_thread_in_native, id=360, stack(0x000000b32c000000,0x000000b32c100000) (1024K)]
  0x000002a5ff1de130 JavaThread "pool-2-thread-1"                   [_thread_blocked, id=3180, stack(0x000000b32c100000,0x000000b32c200000) (1024K)]
  0x000002a5ff1dacb0 JavaThread "WorkspaceEventsHandler"            [_thread_blocked, id=11512, stack(0x000000b32c200000,0x000000b32c300000) (1024K)]
  0x000002a5ff1df4e0 JavaThread "pool-1-thread-1"                   [_thread_blocked, id=8640, stack(0x000000b32c300000,0x000000b32c400000) (1024K)]
  0x000002a5ff1dc6f0 JavaThread "Cleaner-0"                  daemon [_thread_blocked, id=19780, stack(0x000000b32b800000,0x000000b32b900000) (1024K)]
  0x000002a5c2014fd0 JavaThread "Worker-21"                         [_thread_blocked, id=17764, stack(0x000000b329a00000,0x000000b329b00000) (1024K)]
  0x000002a5ff1e0200 JavaThread "Worker-26"                         [_thread_blocked, id=3752, stack(0x000000b329900000,0x000000b329a00000) (1024K)]
Total: 31

Other Threads:
  0x000002a5e27ffc20 VMThread "VM Thread"                           [id=2980, stack(0x000000b329e00000,0x000000b329f00000) (1024K)]
  0x000002a5f90eca00 WatcherThread "VM Periodic Task Thread"        [id=16724, stack(0x000000b329d00000,0x000000b329e00000) (1024K)]
  0x000002a5e277a430 WorkerThread "GC Thread#0"                     [id=6480, stack(0x000000b329c00000,0x000000b329d00000) (1024K)]
  0x000002a5fe3302b0 WorkerThread "GC Thread#1"                     [id=11908, stack(0x000000b32a900000,0x000000b32aa00000) (1024K)]
  0x000002a5fe536560 WorkerThread "GC Thread#2"                     [id=6816, stack(0x000000b32aa00000,0x000000b32ab00000) (1024K)]
  0x000002a5fe5c0060 WorkerThread "GC Thread#3"                     [id=1356, stack(0x000000b32ab00000,0x000000b32ac00000) (1024K)]
Total: 6

Threads with active compile tasks:
Total: 0

VM state: not at safepoint (normal execution)

VM Mutex/Monitor currently owned by a thread: None

Heap address: 0x0000000080000000, size: 2048 MB, Compressed Oops mode: 32-bit

CDS archive(s) mapped at: [0x000002a580000000-0x000002a580ba0000-0x000002a580ba0000), size 12189696, SharedBaseAddress: 0x000002a580000000, ArchiveRelocationMode: 1.
Compressed class space mapped at: 0x000002a581000000-0x000002a5c1000000, reserved size: 1073741824
Narrow klass base: 0x000002a580000000, Narrow klass shift: 0, Narrow klass range: 0x100000000

GC Precious Log:
 CardTable entry size: 512
 CPUs: 4 total, 4 available
 Memory: 3930M
 Large Page Support: Disabled
 NUMA Support: Disabled
 Compressed Oops: Enabled (32-bit)
 Alignments: Space 512K, Generation 512K, Heap 2M
 Heap Min Capacity: 100M
 Heap Initial Capacity: 100M
 Heap Max Capacity: 2G
 Pre-touch: Disabled
 Parallel Workers: 4

Heap:
 PSYoungGen      total 2560K, used 1680K [0x00000000d5580000, 0x00000000d5980000, 0x0000000100000000)
  eden space 2048K, 74% used [0x00000000d5580000,0x00000000d56fc108,0x00000000d5780000)
  from space 512K, 31% used [0x00000000d5880000,0x00000000d58a8000,0x00000000d5900000)
  to   space 512K, 0% used [0x00000000d5900000,0x00000000d5900000,0x00000000d5980000)
 ParOldGen       total 1329664K, used 1329414K [0x0000000080000000, 0x00000000d1280000, 0x00000000d5580000)
  object space 1329664K, 99% used [0x0000000080000000,0x00000000d1241be0,0x00000000d1280000)
 Metaspace       used 85979K, committed 87616K, reserved 1179648K
  class space    used 8530K, committed 9280K, reserved 1048576K

Card table byte_map: [0x000002a5e2110000,0x000002a5e2520000] _byte_map_base: 0x000002a5e1d10000

Marking Bits: (ParMarkBitMap*) 0x00007ffd47193450
 Begin Bits: [0x000002a5f4c10000, 0x000002a5f6c10000)
 End Bits:   [0x000002a5f6c10000, 0x000002a5f8c10000)

Polling page: 0x000002a5e0950000

Metaspace:

Usage:
  Non-class:     75.63 MB used.
      Class:      8.33 MB used.
       Both:     83.96 MB used.

Virtual space:
  Non-class space:      128.00 MB reserved,      76.50 MB ( 60%) committed,  2 nodes.
      Class space:        1.00 GB reserved,       9.06 MB ( <1%) committed,  1 nodes.
             Both:        1.12 GB reserved,      85.56 MB (  7%) committed. 

Chunk freelists:
   Non-Class:  2.58 MB
       Class:  6.94 MB
        Both:  9.52 MB

MaxMetaspaceSize: unlimited
CompressedClassSpaceSize: 1.00 GB
Initial GC threshold: 21.00 MB
Current GC threshold: 128.38 MB
CDS: on
 - commit_granule_bytes: 65536.
 - commit_granule_words: 8192.
 - virtual_space_node_default_size: 8388608.
 - enlarge_chunks_in_place: 1.
 - use_allocation_guard: 0.


Internal statistics:

num_allocs_failed_limit: 9.
num_arena_births: 1800.
num_arena_deaths: 420.
num_vsnodes_births: 3.
num_vsnodes_deaths: 0.
num_space_committed: 1369.
num_space_uncommitted: 0.
num_chunks_returned_to_freelist: 507.
num_chunks_taken_from_freelist: 6313.
num_chunk_merges: 154.
num_chunk_splits: 3685.
num_chunks_enlarged: 2064.
num_inconsistent_stats: 0.

CodeHeap 'non-profiled nmethods': size=120000Kb used=22199Kb max_used=22199Kb free=97800Kb
 bounds [0x000002a5ed430000, 0x000002a5ee9e0000, 0x000002a5f4960000]
CodeHeap 'profiled nmethods': size=120000Kb used=51807Kb max_used=51807Kb free=68192Kb
 bounds [0x000002a5e5960000, 0x000002a5e8c00000, 0x000002a5ece90000]
CodeHeap 'non-nmethods': size=5760Kb used=1486Kb max_used=1561Kb free=4273Kb
 bounds [0x000002a5ece90000, 0x000002a5ed100000, 0x000002a5ed430000]
CodeCache: size=245760Kb, used=75492Kb, max_used=75567Kb, free=170265Kb
 total_blobs=21038, nmethods=20233, adapters=705, full_count=0
Compilation: enabled, stopped_count=0, restarted_count=0

Compilation events (20 events):
Event: 6776.365 Thread 0x000002a5f91d2740 24761       3       org.eclipse.core.internal.events.BuildManager$DeltaCache::areEqual (18 bytes)
Event: 6776.372 Thread 0x000002a5f91d2740 nmethod 24761 0x000002a5e8bf4310 code [0x000002a5e8bf44c0, 0x000002a5e8bf4698]
Event: 6776.390 Thread 0x000002a5f91d2740 24762       3       org.eclipse.core.internal.jobs.JobListeners::queueScheduled (20 bytes)
Event: 6776.400 Thread 0x000002a5f91d2740 nmethod 24762 0x000002a5e8bf4790 code [0x000002a5e8bf4960, 0x000002a5e8bf4c78]
Event: 6776.400 Thread 0x000002a5f91d2740 24763       3       org.eclipse.core.internal.jobs.JobChangeEvent::<init> (36 bytes)
Event: 6776.401 Thread 0x000002a5f91d2740 nmethod 24763 0x000002a5e8bf4e10 code [0x000002a5e8bf4fc0, 0x000002a5e8bf5188]
Event: 6776.402 Thread 0x000002a5f91d2740 24764       3       org.eclipse.core.runtime.jobs.JobChangeAdapter::scheduled (1 bytes)
Event: 6776.402 Thread 0x000002a5f91d2740 nmethod 24764 0x000002a5e8bf5290 code [0x000002a5e8bf5420, 0x000002a5e8bf5528]
Event: 6776.597 Thread 0x000002a5f91d2740 24765       3       org.eclipse.sisu.inject.MildElements$Weak::index (12 bytes)
Event: 6776.598 Thread 0x000002a5f91d2740 nmethod 24765 0x000002a5e8bf5590 code [0x000002a5e8bf5720, 0x000002a5e8bf5830]
Event: 6776.621 Thread 0x000002a5f91d2740 24766       3       java.util.LinkedHashMap::getOrDefault (29 bytes)
Event: 6776.648 Thread 0x000002a5f91d2740 nmethod 24766 0x000002a5e8bf5910 code [0x000002a5e8bf5ae0, 0x000002a5e8bf5d98]
Event: 6776.811 Thread 0x000002a5f91598d0 24767       4       org.eclipse.jdt.internal.core.builder.ModuleEntryProcessor::computeLimitModules (30 bytes)
Event: 6776.856 Thread 0x000002a5f91598d0 nmethod 24767 0x000002a5ee9dd690 code [0x000002a5ee9dd840, 0x000002a5ee9ddac8]
Event: 6879.509 Thread 0x000002a5f91d2740 24768       3       jdk.internal.logger.DefaultLoggerFinder::isSystem (18 bytes)
Event: 6879.557 Thread 0x000002a5f91d2740 nmethod 24768 0x000002a5e8bf5e90 code [0x000002a5e8bf60e0, 0x000002a5e8bf69f0]
Event: 6879.557 Thread 0x000002a5f91d2740 24769       3       jdk.internal.logger.DefaultLoggerFinder$1::<init> (10 bytes)
Event: 6879.557 Thread 0x000002a5f91d2740 nmethod 24769 0x000002a5e8bf6d90 code [0x000002a5e8bf6f40, 0x000002a5e8bf70c8]
Event: 6879.557 Thread 0x000002a5f91d2740 24770       3       jdk.internal.logger.DefaultLoggerFinder$1::run (5 bytes)
Event: 6879.565 Thread 0x000002a5f91d2740 nmethod 24770 0x000002a5e8bf7190 code [0x000002a5e8bf73a0, 0x000002a5e8bf7a20]

GC Heap History (20 events):
Event: 6580.669 GC heap before
{Heap before GC invocations=1812 (full 5):
 PSYoungGen      total 5632K, used 5073K [0x00000000d5580000, 0x00000000d5c00000, 0x0000000100000000)
  eden space 4608K, 100% used [0x00000000d5580000,0x00000000d5a00000,0x00000000d5a00000)
  from space 1024K, 45% used [0x00000000d5a00000,0x00000000d5a746b8,0x00000000d5b00000)
  to   space 512K, 0% used [0x00000000d5b80000,0x00000000d5b80000,0x00000000d5c00000)
 ParOldGen       total 1322496K, used 1322003K [0x0000000080000000, 0x00000000d0b80000, 0x00000000d5580000)
  object space 1322496K, 99% used [0x0000000080000000,0x00000000d0b04f10,0x00000000d0b80000)
 Metaspace       used 85967K, committed 87616K, reserved 1179648K
  class space    used 8529K, committed 9280K, reserved 1048576K
}
Event: 6580.680 GC heap after
{Heap after GC invocations=1812 (full 5):
 PSYoungGen      total 2048K, used 481K [0x00000000d5580000, 0x00000000d6300000, 0x0000000100000000)
  eden space 1536K, 0% used [0x00000000d5580000,0x00000000d5580000,0x00000000d5700000)
  from space 512K, 94% used [0x00000000d5b80000,0x00000000d5bf8560,0x00000000d5c00000)
  to   space 4608K, 0% used [0x00000000d5700000,0x00000000d5700000,0x00000000d5b80000)
 ParOldGen       total 1325568K, used 1325287K [0x0000000080000000, 0x00000000d0e80000, 0x00000000d5580000)
  object space 1325568K, 99% used [0x0000000080000000,0x00000000d0e39c68,0x00000000d0e80000)
 Metaspace       used 85967K, committed 87616K, reserved 1179648K
  class space    used 8529K, committed 9280K, reserved 1048576K
}
Event: 6581.075 GC heap before
{Heap before GC invocations=1813 (full 5):
 PSYoungGen      total 2048K, used 2012K [0x00000000d5580000, 0x00000000d6300000, 0x0000000100000000)
  eden space 1536K, 99% used [0x00000000d5580000,0x00000000d56fed18,0x00000000d5700000)
  from space 512K, 94% used [0x00000000d5b80000,0x00000000d5bf8560,0x00000000d5c00000)
  to   space 4608K, 0% used [0x00000000d5700000,0x00000000d5700000,0x00000000d5b80000)
 ParOldGen       total 1325568K, used 1325287K [0x0000000080000000, 0x00000000d0e80000, 0x00000000d5580000)
  object space 1325568K, 99% used [0x0000000080000000,0x00000000d0e39c68,0x00000000d0e80000)
 Metaspace       used 85967K, committed 87616K, reserved 1179648K
  class space    used 8529K, committed 9280K, reserved 1048576K
}
Event: 6581.082 GC heap after
{Heap after GC invocations=1813 (full 5):
 PSYoungGen      total 2560K, used 608K [0x00000000d5580000, 0x00000000d5c00000, 0x0000000100000000)
  eden space 1536K, 0% used [0x00000000d5580000,0x00000000d5580000,0x00000000d5700000)
  from space 1024K, 59% used [0x00000000d5700000,0x00000000d5798000,0x00000000d5800000)
  to   space 2048K, 0% used [0x00000000d5a00000,0x00000000d5a00000,0x00000000d5c00000)
 ParOldGen       total 1326080K, used 1325764K [0x0000000080000000, 0x00000000d0f00000, 0x00000000d5580000)
  object space 1326080K, 99% used [0x0000000080000000,0x00000000d0eb1070,0x00000000d0f00000)
 Metaspace       used 85967K, committed 87616K, reserved 1179648K
  class space    used 8529K, committed 9280K, reserved 1048576K
}
Event: 6581.741 GC heap before
{Heap before GC invocations=1814 (full 5):
 PSYoungGen      total 2560K, used 2144K [0x00000000d5580000, 0x00000000d5c00000, 0x0000000100000000)
  eden space 1536K, 100% used [0x00000000d5580000,0x00000000d5700000,0x00000000d5700000)
  from space 1024K, 59% used [0x00000000d5700000,0x00000000d5798000,0x00000000d5800000)
  to   space 2048K, 0% used [0x00000000d5a00000,0x00000000d5a00000,0x00000000d5c00000)
 ParOldGen       total 1326080K, used 1325764K [0x0000000080000000, 0x00000000d0f00000, 0x00000000d5580000)
  object space 1326080K, 99% used [0x0000000080000000,0x00000000d0eb1070,0x00000000d0f00000)
 Metaspace       used 85967K, committed 87616K, reserved 1179648K
  class space    used 8529K, committed 9280K, reserved 1048576K
}
Event: 6581.750 GC heap after
{Heap after GC invocations=1814 (full 5):
 PSYoungGen      total 2048K, used 320K [0x00000000d5580000, 0x00000000d5a80000, 0x0000000100000000)
  eden space 1536K, 0% used [0x00000000d5580000,0x00000000d5580000,0x00000000d5700000)
  from space 512K, 62% used [0x00000000d5a00000,0x00000000d5a50000,0x00000000d5a80000)
  to   space 1024K, 0% used [0x00000000d5880000,0x00000000d5880000,0x00000000d5980000)
 ParOldGen       total 1326592K, used 1326332K [0x0000000080000000, 0x00000000d0f80000, 0x00000000d5580000)
  object space 1326592K, 99% used [0x0000000080000000,0x00000000d0f3f070,0x00000000d0f80000)
 Metaspace       used 85967K, committed 87616K, reserved 1179648K
  class space    used 8529K, committed 9280K, reserved 1048576K
}
Event: 6581.821 GC heap before
{Heap before GC invocations=1815 (full 5):
 PSYoungGen      total 2048K, used 1856K [0x00000000d5580000, 0x00000000d5a80000, 0x0000000100000000)
  eden space 1536K, 100% used [0x00000000d5580000,0x00000000d5700000,0x00000000d5700000)
  from space 512K, 62% used [0x00000000d5a00000,0x00000000d5a50000,0x00000000d5a80000)
  to   space 1024K, 0% used [0x00000000d5880000,0x00000000d5880000,0x00000000d5980000)
 ParOldGen       total 1326592K, used 1326332K [0x0000000080000000, 0x00000000d0f80000, 0x00000000d5580000)
  object space 1326592K, 99% used [0x0000000080000000,0x00000000d0f3f070,0x00000000d0f80000)
 Metaspace       used 85968K, committed 87616K, reserved 1179648K
  class space    used 8529K, committed 9280K, reserved 1048576K
}
Event: 6581.826 GC heap after
{Heap after GC invocations=1815 (full 5):
 PSYoungGen      total 2560K, used 384K [0x00000000d5580000, 0x00000000d5a80000, 0x0000000100000000)
  eden space 1536K, 0% used [0x00000000d5580000,0x00000000d5580000,0x00000000d5700000)
  from space 1024K, 37% used [0x00000000d5880000,0x00000000d58e0000,0x00000000d5980000)
  to   space 512K, 0% used [0x00000000d5a00000,0x00000000d5a00000,0x00000000d5a80000)
 ParOldGen       total 1326592K, used 1326588K [0x0000000080000000, 0x00000000d0f80000, 0x00000000d5580000)
  object space 1326592K, 99% used [0x0000000080000000,0x00000000d0f7f070,0x00000000d0f80000)
 Metaspace       used 85968K, committed 87616K, reserved 1179648K
  class space    used 8529K, committed 9280K, reserved 1048576K
}
Event: 6581.833 GC heap before
{Heap before GC invocations=1816 (full 5):
 PSYoungGen      total 2560K, used 1919K [0x00000000d5580000, 0x00000000d5a80000, 0x0000000100000000)
  eden space 1536K, 99% used [0x00000000d5580000,0x00000000d56ffff8,0x00000000d5700000)
  from space 1024K, 37% used [0x00000000d5880000,0x00000000d58e0000,0x00000000d5980000)
  to   space 512K, 0% used [0x00000000d5a00000,0x00000000d5a00000,0x00000000d5a80000)
 ParOldGen       total 1326592K, used 1326588K [0x0000000080000000, 0x00000000d0f80000, 0x00000000d5580000)
  object space 1326592K, 99% used [0x0000000080000000,0x00000000d0f7f070,0x00000000d0f80000)
 Metaspace       used 85968K, committed 87616K, reserved 1179648K
  class space    used 8529K, committed 9280K, reserved 1048576K
}
Event: 6581.837 GC heap after
{Heap after GC invocations=1816 (full 5):
 PSYoungGen      total 2048K, used 496K [0x00000000d5580000, 0x00000000d5a80000, 0x0000000100000000)
  eden space 1536K, 0% used [0x00000000d5580000,0x00000000d5580000,0x00000000d5700000)
  from space 512K, 96% used [0x00000000d5a00000,0x00000000d5a7c010,0x00000000d5a80000)
  to   space 1024K, 0% used [0x00000000d5880000,0x00000000d5880000,0x00000000d5980000)
 ParOldGen       total 1327104K, used 1327000K [0x0000000080000000, 0x00000000d1000000, 0x00000000d5580000)
  object space 1327104K, 99% used [0x0000000080000000,0x00000000d0fe61c0,0x00000000d1000000)
 Metaspace       used 85968K, committed 87616K, reserved 1179648K
  class space    used 8529K, committed 9280K, reserved 1048576K
}
Event: 6581.844 GC heap before
{Heap before GC invocations=1817 (full 5):
 PSYoungGen      total 2048K, used 2032K [0x00000000d5580000, 0x00000000d5a80000, 0x0000000100000000)
  eden space 1536K, 100% used [0x00000000d5580000,0x00000000d5700000,0x00000000d5700000)
  from space 512K, 96% used [0x00000000d5a00000,0x00000000d5a7c010,0x00000000d5a80000)
  to   space 1024K, 0% used [0x00000000d5880000,0x00000000d5880000,0x00000000d5980000)
 ParOldGen       total 1327104K, used 1327000K [0x0000000080000000, 0x00000000d1000000, 0x00000000d5580000)
  object space 1327104K, 99% used [0x0000000080000000,0x00000000d0fe61c0,0x00000000d1000000)
 Metaspace       used 85968K, committed 87616K, reserved 1179648K
  class space    used 8529K, committed 9280K, reserved 1048576K
}
Event: 6581.849 GC heap after
{Heap after GC invocations=1817 (full 5):
 PSYoungGen      total 2560K, used 640K [0x00000000d5580000, 0x00000000d5a80000, 0x0000000100000000)
  eden space 1536K, 0% used [0x00000000d5580000,0x00000000d5580000,0x00000000d5700000)
  from space 1024K, 62% used [0x00000000d5880000,0x00000000d5920010,0x00000000d5980000)
  to   space 1024K, 0% used [0x00000000d5980000,0x00000000d5980000,0x00000000d5a80000)
 ParOldGen       total 1327616K, used 1327504K [0x0000000080000000, 0x00000000d1080000, 0x00000000d5580000)
  object space 1327616K, 99% used [0x0000000080000000,0x00000000d10641c0,0x00000000d1080000)
 Metaspace       used 85968K, committed 87616K, reserved 1179648K
  class space    used 8529K, committed 9280K, reserved 1048576K
}
Event: 6581.857 GC heap before
{Heap before GC invocations=1818 (full 5):
 PSYoungGen      total 2560K, used 2176K [0x00000000d5580000, 0x00000000d5a80000, 0x0000000100000000)
  eden space 1536K, 100% used [0x00000000d5580000,0x00000000d5700000,0x00000000d5700000)
  from space 1024K, 62% used [0x00000000d5880000,0x00000000d5920010,0x00000000d5980000)
  to   space 1024K, 0% used [0x00000000d5980000,0x00000000d5980000,0x00000000d5a80000)
 ParOldGen       total 1327616K, used 1327504K [0x0000000080000000, 0x00000000d1080000, 0x00000000d5580000)
  object space 1327616K, 99% used [0x0000000080000000,0x00000000d10641c0,0x00000000d1080000)
 Metaspace       used 85968K, committed 87616K, reserved 1179648K
  class space    used 8529K, committed 9280K, reserved 1048576K
}
Event: 6581.861 GC heap after
{Heap after GC invocations=1818 (full 5):
 PSYoungGen      total 3072K, used 768K [0x00000000d5580000, 0x00000000d5a80000, 0x0000000100000000)
  eden space 2048K, 0% used [0x00000000d5580000,0x00000000d5580000,0x00000000d5780000)
  from space 1024K, 75% used [0x00000000d5980000,0x00000000d5a40000,0x00000000d5a80000)
  to   space 1024K, 0% used [0x00000000d5880000,0x00000000d5880000,0x00000000d5980000)
 ParOldGen       total 1328128K, used 1328088K [0x0000000080000000, 0x00000000d1100000, 0x00000000d5580000)
  object space 1328128K, 99% used [0x0000000080000000,0x00000000d10f61d0,0x00000000d1100000)
 Metaspace       used 85968K, committed 87616K, reserved 1179648K
  class space    used 8529K, committed 9280K, reserved 1048576K
}
Event: 6581.920 GC heap before
{Heap before GC invocations=1819 (full 5):
 PSYoungGen      total 3072K, used 2816K [0x00000000d5580000, 0x00000000d5a80000, 0x0000000100000000)
  eden space 2048K, 100% used [0x00000000d5580000,0x00000000d5780000,0x00000000d5780000)
  from space 1024K, 75% used [0x00000000d5980000,0x00000000d5a40000,0x00000000d5a80000)
  to   space 1024K, 0% used [0x00000000d5880000,0x00000000d5880000,0x00000000d5980000)
 ParOldGen       total 1328128K, used 1328088K [0x0000000080000000, 0x00000000d1100000, 0x00000000d5580000)
  object space 1328128K, 99% used [0x0000000080000000,0x00000000d10f61d0,0x00000000d1100000)
 Metaspace       used 85968K, committed 87616K, reserved 1179648K
  class space    used 8529K, committed 9280K, reserved 1048576K
}
Event: 6581.923 GC heap after
{Heap after GC invocations=1819 (full 5):
 PSYoungGen      total 2560K, used 448K [0x00000000d5580000, 0x00000000d5a00000, 0x0000000100000000)
  eden space 2048K, 0% used [0x00000000d5580000,0x00000000d5580000,0x00000000d5780000)
  from space 512K, 87% used [0x00000000d5880000,0x00000000d58f0000,0x00000000d5900000)
  to   space 1024K, 0% used [0x00000000d5900000,0x00000000d5900000,0x00000000d5a00000)
 ParOldGen       total 1329152K, used 1328824K [0x0000000080000000, 0x00000000d1200000, 0x00000000d5580000)
  object space 1329152K, 99% used [0x0000000080000000,0x00000000d11ae1d0,0x00000000d1200000)
 Metaspace       used 85968K, committed 87616K, reserved 1179648K
  class space    used 8529K, committed 9280K, reserved 1048576K
}
Event: 6774.259 GC heap before
{Heap before GC invocations=1820 (full 5):
 PSYoungGen      total 2560K, used 2494K [0x00000000d5580000, 0x00000000d5a00000, 0x0000000100000000)
  eden space 2048K, 99% used [0x00000000d5580000,0x00000000d577fa88,0x00000000d5780000)
  from space 512K, 87% used [0x00000000d5880000,0x00000000d58f0000,0x00000000d5900000)
  to   space 1024K, 0% used [0x00000000d5900000,0x00000000d5900000,0x00000000d5a00000)
 ParOldGen       total 1329152K, used 1328824K [0x0000000080000000, 0x00000000d1200000, 0x00000000d5580000)
  object space 1329152K, 99% used [0x0000000080000000,0x00000000d11ae1d0,0x00000000d1200000)
 Metaspace       used 85973K, committed 87616K, reserved 1179648K
  class space    used 8529K, committed 9280K, reserved 1048576K
}
Event: 6775.244 GC heap after
{Heap after GC invocations=1820 (full 5):
 PSYoungGen      total 2560K, used 256K [0x00000000d5580000, 0x00000000d5980000, 0x0000000100000000)
  eden space 2048K, 0% used [0x00000000d5580000,0x00000000d5580000,0x00000000d5780000)
  from space 512K, 50% used [0x00000000d5900000,0x00000000d5940000,0x00000000d5980000)
  to   space 512K, 0% used [0x00000000d5880000,0x00000000d5880000,0x00000000d5900000)
 ParOldGen       total 1329664K, used 1329232K [0x0000000080000000, 0x00000000d1280000, 0x00000000d5580000)
  object space 1329664K, 99% used [0x0000000080000000,0x00000000d12141d0,0x00000000d1280000)
 Metaspace       used 85973K, committed 87616K, reserved 1179648K
  class space    used 8529K, committed 9280K, reserved 1048576K
}
Event: 6776.811 GC heap before
{Heap before GC invocations=1821 (full 5):
 PSYoungGen      total 2560K, used 2303K [0x00000000d5580000, 0x00000000d5980000, 0x0000000100000000)
  eden space 2048K, 99% used [0x00000000d5580000,0x00000000d577ffb8,0x00000000d5780000)
  from space 512K, 50% used [0x00000000d5900000,0x00000000d5940000,0x00000000d5980000)
  to   space 512K, 0% used [0x00000000d5880000,0x00000000d5880000,0x00000000d5900000)
 ParOldGen       total 1329664K, used 1329232K [0x0000000080000000, 0x00000000d1280000, 0x00000000d5580000)
  object space 1329664K, 99% used [0x0000000080000000,0x00000000d12141d0,0x00000000d1280000)
 Metaspace       used 85977K, committed 87616K, reserved 1179648K
  class space    used 8530K, committed 9280K, reserved 1048576K
}
Event: 6776.824 GC heap after
{Heap after GC invocations=1821 (full 5):
 PSYoungGen      total 2560K, used 160K [0x00000000d5580000, 0x00000000d5980000, 0x0000000100000000)
  eden space 2048K, 0% used [0x00000000d5580000,0x00000000d5580000,0x00000000d5780000)
  from space 512K, 31% used [0x00000000d5880000,0x00000000d58a8000,0x00000000d5900000)
  to   space 512K, 0% used [0x00000000d5900000,0x00000000d5900000,0x00000000d5980000)
 ParOldGen       total 1329664K, used 1329414K [0x0000000080000000, 0x00000000d1280000, 0x00000000d5580000)
  object space 1329664K, 99% used [0x0000000080000000,0x00000000d1241be0,0x00000000d1280000)
 Metaspace       used 85977K, committed 87616K, reserved 1179648K
  class space    used 8530K, committed 9280K, reserved 1048576K
}

Dll operation events (10 events):
Event: 0.018 Loaded shared library c:\Users\Carlo\.antigravity\extensions\redhat.java-1.53.0-win32-x64\jre\21.0.10-win32-x86_64\bin\java.dll
Event: 1.063 Loaded shared library c:\Users\Carlo\.antigravity\extensions\redhat.java-1.53.0-win32-x64\jre\21.0.10-win32-x86_64\bin\zip.dll
Event: 1.187 Loaded shared library C:\Users\Carlo\.antigravity\extensions\redhat.java-1.53.0-win32-x64\jre\21.0.10-win32-x86_64\bin\instrument.dll
Event: 1.549 Loaded shared library C:\Users\Carlo\.antigravity\extensions\redhat.java-1.53.0-win32-x64\jre\21.0.10-win32-x86_64\bin\net.dll
Event: 1.873 Loaded shared library C:\Users\Carlo\.antigravity\extensions\redhat.java-1.53.0-win32-x64\jre\21.0.10-win32-x86_64\bin\nio.dll
Event: 1.877 Loaded shared library C:\Users\Carlo\.antigravity\extensions\redhat.java-1.53.0-win32-x64\jre\21.0.10-win32-x86_64\bin\zip.dll
Event: 1.905 Loaded shared library C:\Users\Carlo\.antigravity\extensions\redhat.java-1.53.0-win32-x64\jre\21.0.10-win32-x86_64\bin\jimage.dll
Event: 2.478 Loaded shared library c:\Users\Carlo\.antigravity\extensions\redhat.java-1.53.0-win32-x64\jre\21.0.10-win32-x86_64\bin\verify.dll
Event: 31.058 Loaded shared library C:\Users\Carlo\AppData\Roaming\Antigravity\User\globalStorage\redhat.java\1.53.0\config_win\org.eclipse.equinox.launcher\org.eclipse.equinox.launcher.win32.win32.x86_64_1.3.0.v20260203-2149\eclipse_11919.dll
Event: 60.843 Loaded shared library C:\Users\Carlo\AppData\Local\Temp\jna-64878647\jna2483844161267311420.dll

Deoptimization events (20 events):
Event: 6565.939 Thread 0x000002a5c2b0ec20 Uncommon trap: trap_request=0xffffffde fr.pc=0x000002a5edd522d4 relative=0x00000000000000b4
Event: 6565.939 Thread 0x000002a5c2b0ec20 Uncommon trap: reason=class_check action=maybe_recompile pc=0x000002a5edd522d4 method=java.lang.Character.toUpperCase(I)I @ 5 c2
Event: 6565.939 Thread 0x000002a5c2b0ec20 DEOPT PACKING pc=0x000002a5edd522d4 sp=0x000000b32bafe080
Event: 6565.939 Thread 0x000002a5c2b0ec20 DEOPT UNPACKING pc=0x000002a5ecee3aa2 sp=0x000000b32bafdfb8 mode 2
Event: 6565.939 Thread 0x000002a5c2b0ec20 Uncommon trap: trap_request=0xffffffde fr.pc=0x000002a5ed740ac4 relative=0x00000000000000a4
Event: 6565.939 Thread 0x000002a5c2b0ec20 Uncommon trap: reason=class_check action=maybe_recompile pc=0x000002a5ed740ac4 method=java.lang.Character.toLowerCase(I)I @ 5 c2
Event: 6565.939 Thread 0x000002a5c2b0ec20 DEOPT PACKING pc=0x000002a5ed740ac4 sp=0x000000b32bafe010
Event: 6565.939 Thread 0x000002a5c2b0ec20 DEOPT UNPACKING pc=0x000002a5ecee3aa2 sp=0x000000b32bafdfa8 mode 2
Event: 6565.939 Thread 0x000002a5c2b0ec20 Uncommon trap: trap_request=0xffffffde fr.pc=0x000002a5edd522d4 relative=0x00000000000000b4
Event: 6565.939 Thread 0x000002a5c2b0ec20 Uncommon trap: reason=class_check action=maybe_recompile pc=0x000002a5edd522d4 method=java.lang.Character.toUpperCase(I)I @ 5 c2
Event: 6565.939 Thread 0x000002a5c2b0ec20 DEOPT PACKING pc=0x000002a5edd522d4 sp=0x000000b32bafe080
Event: 6565.939 Thread 0x000002a5c2b0ec20 DEOPT UNPACKING pc=0x000002a5ecee3aa2 sp=0x000000b32bafdfb8 mode 2
Event: 6565.939 Thread 0x000002a5c2b0ec20 Uncommon trap: trap_request=0xffffffde fr.pc=0x000002a5ed75f1d4 relative=0x00000000000000b4
Event: 6565.939 Thread 0x000002a5c2b0ec20 Uncommon trap: reason=class_check action=maybe_recompile pc=0x000002a5ed75f1d4 method=java.lang.Character.toUpperCase(I)I @ 5 c2
Event: 6565.939 Thread 0x000002a5c2b0ec20 DEOPT PACKING pc=0x000002a5ed75f1d4 sp=0x000000b32bafe020
Event: 6565.939 Thread 0x000002a5c2b0ec20 DEOPT UNPACKING pc=0x000002a5ecee3aa2 sp=0x000000b32bafdfb8 mode 2
Event: 6566.798 Thread 0x000002a5c1669260 Uncommon trap: trap_request=0xffffff6e fr.pc=0x000002a5ee995d8c relative=0x0000000000000a4c
Event: 6566.798 Thread 0x000002a5c1669260 Uncommon trap: reason=loop_limit_check action=maybe_recompile pc=0x000002a5ee995d8c method=org.eclipse.jdt.internal.compiler.lookup.BinaryTypeBinding.getExactMethod([C[Lorg/eclipse/jdt/internal/compiler/lookup/TypeBinding;Lorg/eclipse/jdt/internal/compile
Event: 6566.798 Thread 0x000002a5c1669260 DEOPT PACKING pc=0x000002a5ee995d8c sp=0x000000b32c5fe750
Event: 6566.798 Thread 0x000002a5c1669260 DEOPT UNPACKING pc=0x000002a5ecee3aa2 sp=0x000000b32c5fe6e0 mode 2

Classes loaded (20 events):
Event: 5170.213 Loading class java/util/regex/Pattern$Bound
Event: 5170.214 Loading class java/util/regex/Pattern$Bound done
Event: 5179.222 Loading class java/util/stream/ReduceOps$5
Event: 5179.227 Loading class java/util/stream/ReduceOps$5 done
Event: 5179.227 Loading class java/util/stream/ReduceOps$CountingSink$OfRef
Event: 5179.228 Loading class java/util/stream/ReduceOps$CountingSink
Event: 5179.229 Loading class java/util/stream/ReduceOps$CountingSink done
Event: 5179.229 Loading class java/util/stream/ReduceOps$CountingSink$OfRef done
Event: 5181.164 Loading class jdk/internal/module/IllegalAccessLogger
Event: 5181.164 Loading class jdk/internal/module/IllegalAccessLogger done
Event: 5709.227 Loading class jdk/internal/module/IllegalAccessLogger
Event: 5709.229 Loading class jdk/internal/module/IllegalAccessLogger done
Event: 5733.868 Loading class jdk/internal/module/IllegalAccessLogger
Event: 5733.870 Loading class jdk/internal/module/IllegalAccessLogger done
Event: 6475.501 Loading class jdk/internal/module/IllegalAccessLogger
Event: 6475.504 Loading class jdk/internal/module/IllegalAccessLogger done
Event: 6547.278 Loading class jdk/internal/module/IllegalAccessLogger
Event: 6547.279 Loading class jdk/internal/module/IllegalAccessLogger done
Event: 6566.765 Loading class jdk/internal/module/IllegalAccessLogger
Event: 6566.766 Loading class jdk/internal/module/IllegalAccessLogger done

Classes unloaded (20 events):
Event: 2326.908 Thread 0x000002a5e27ffc20 Unloading class 0x000002a581017400 'java/lang/invoke/LambdaForm$MH+0x000002a581017400'
Event: 2326.909 Thread 0x000002a5e27ffc20 Unloading class 0x000002a581016400 'java/lang/invoke/LambdaForm$MH+0x000002a581016400'
Event: 2326.909 Thread 0x000002a5e27ffc20 Unloading class 0x000002a58100d800 'java/lang/invoke/LambdaForm$MH+0x000002a58100d800'
Event: 2326.909 Thread 0x000002a5e27ffc20 Unloading class 0x000002a58100d400 'java/lang/invoke/LambdaForm$MH+0x000002a58100d400'
Event: 2326.909 Thread 0x000002a5e27ffc20 Unloading class 0x000002a58100d000 'java/lang/invoke/LambdaForm$MH+0x000002a58100d000'
Event: 2326.909 Thread 0x000002a5e27ffc20 Unloading class 0x000002a58100cc00 'java/lang/invoke/LambdaForm$MH+0x000002a58100cc00'
Event: 2326.909 Thread 0x000002a5e27ffc20 Unloading class 0x000002a58100c800 'java/lang/invoke/LambdaForm$BMH+0x000002a58100c800'
Event: 2326.909 Thread 0x000002a5e27ffc20 Unloading class 0x000002a58100c000 'java/lang/invoke/LambdaForm$DMH+0x000002a58100c000'
Event: 2326.910 Thread 0x000002a5e27ffc20 Unloading class 0x000002a581008c00 'java/lang/invoke/LambdaForm$MH+0x000002a581008c00'
Event: 2326.910 Thread 0x000002a5e27ffc20 Unloading class 0x000002a581008800 'java/lang/invoke/LambdaForm$MH+0x000002a581008800'
Event: 2326.910 Thread 0x000002a5e27ffc20 Unloading class 0x000002a581008400 'java/lang/invoke/LambdaForm$MH+0x000002a581008400'
Event: 2326.910 Thread 0x000002a5e27ffc20 Unloading class 0x000002a581007000 'java/lang/invoke/LambdaForm$MH+0x000002a581007000'
Event: 2326.910 Thread 0x000002a5e27ffc20 Unloading class 0x000002a581006800 'java/lang/invoke/LambdaForm$MH+0x000002a581006800'
Event: 2326.910 Thread 0x000002a5e27ffc20 Unloading class 0x000002a581006400 'java/lang/invoke/LambdaForm$MH+0x000002a581006400'
Event: 2326.910 Thread 0x000002a5e27ffc20 Unloading class 0x000002a581006000 'java/lang/invoke/LambdaForm$MH+0x000002a581006000'
Event: 2326.910 Thread 0x000002a5e27ffc20 Unloading class 0x000002a581005c00 'java/lang/invoke/LambdaForm$BMH+0x000002a581005c00'
Event: 2326.910 Thread 0x000002a5e27ffc20 Unloading class 0x000002a581004800 'java/lang/invoke/LambdaForm$DMH+0x000002a581004800'
Event: 2326.910 Thread 0x000002a5e27ffc20 Unloading class 0x000002a581002400 'java/lang/invoke/LambdaForm$MH+0x000002a581002400'
Event: 2326.910 Thread 0x000002a5e27ffc20 Unloading class 0x000002a581002000 'java/lang/invoke/LambdaForm$MH+0x000002a581002000'
Event: 2326.910 Thread 0x000002a5e27ffc20 Unloading class 0x000002a581001800 'java/lang/invoke/LambdaForm$MH+0x000002a581001800'

Classes redefined (0 events):
No events

Internal exceptions (20 events):
Event: 6534.953 Thread 0x000002a5c2b0ec20 Exception <a 'java/lang/ArrayIndexOutOfBoundsException'{0x00000000d562b0b0}> (0x00000000d562b0b0) 
thrown [s\src\hotspot\share\runtime\sharedRuntime.cpp, line 625]
Event: 6534.954 Thread 0x000002a5c2b0ec20 Exception <a 'java/lang/ArrayIndexOutOfBoundsException'{0x00000000d562b718}> (0x00000000d562b718) 
thrown [s\src\hotspot\share\runtime\sharedRuntime.cpp, line 625]
Event: 6534.954 Thread 0x000002a5c2b0ec20 Exception <a 'java/lang/ArrayIndexOutOfBoundsException'{0x00000000d562bad0}> (0x00000000d562bad0) 
thrown [s\src\hotspot\share\runtime\sharedRuntime.cpp, line 625]
Event: 6537.034 Thread 0x000002a5ff1df4e0 Exception <a 'java/lang/ArrayIndexOutOfBoundsException'{0x00000000d5681f40}> (0x00000000d5681f40) 
thrown [s\src\hotspot\share\runtime\sharedRuntime.cpp, line 625]
Event: 6537.034 Thread 0x000002a5ff1df4e0 Exception <a 'java/lang/ArrayIndexOutOfBoundsException'{0x00000000d5683270}> (0x00000000d5683270) 
thrown [s\src\hotspot\share\runtime\sharedRuntime.cpp, line 625]
Event: 6537.034 Thread 0x000002a5ff1df4e0 Exception <a 'java/lang/ArrayIndexOutOfBoundsException'{0x00000000d5683628}> (0x00000000d5683628) 
thrown [s\src\hotspot\share\runtime\sharedRuntime.cpp, line 625]
Event: 6540.090 Thread 0x000002a5c2b10cf0 Exception <a 'java/lang/ArrayIndexOutOfBoundsException'{0x00000000d570d918}> (0x00000000d570d918) 
thrown [s\src\hotspot\share\runtime\sharedRuntime.cpp, line 625]
Event: 6540.090 Thread 0x000002a5c2b10cf0 Exception <a 'java/lang/ArrayIndexOutOfBoundsException'{0x00000000d570df80}> (0x00000000d570df80) 
thrown [s\src\hotspot\share\runtime\sharedRuntime.cpp, line 625]
Event: 6540.090 Thread 0x000002a5c2b10cf0 Exception <a 'java/lang/ArrayIndexOutOfBoundsException'{0x00000000d570e338}> (0x00000000d570e338) 
thrown [s\src\hotspot\share\runtime\sharedRuntime.cpp, line 625]
Event: 6546.717 Thread 0x000002a5fe0b8a40 Exception <a 'sun/nio/fs/WindowsException'{0x00000000d56b9480}> (0x00000000d56b9480) 
thrown [s\src\hotspot\share\prims\jni.cpp, line 520]
Event: 6547.670 Thread 0x000002a5fe0b8a40 Exception <a 'sun/nio/fs/WindowsException'{0x00000000d5735720}> (0x00000000d5735720) 
thrown [s\src\hotspot\share\prims\jni.cpp, line 520]
Event: 6549.737 Thread 0x000002a5c2b0ec20 Exception <a 'java/lang/ArrayIndexOutOfBoundsException'{0x00000000d5a7b9e8}> (0x00000000d5a7b9e8) 
thrown [s\src\hotspot\share\runtime\sharedRuntime.cpp, line 625]
Event: 6549.738 Thread 0x000002a5c2b0ec20 Exception <a 'java/lang/ArrayIndexOutOfBoundsException'{0x00000000d5a7c050}> (0x00000000d5a7c050) 
thrown [s\src\hotspot\share\runtime\sharedRuntime.cpp, line 625]
Event: 6549.738 Thread 0x000002a5c2b0ec20 Exception <a 'java/lang/ArrayIndexOutOfBoundsException'{0x00000000d5a7c408}> (0x00000000d5a7c408) 
thrown [s\src\hotspot\share\runtime\sharedRuntime.cpp, line 625]
Event: 6558.479 Thread 0x000002a5c2b10cf0 Implicit null exception at 0x000002a5ede57f44 to 0x000002a5ede58264
Event: 6564.714 Thread 0x000002a5ff1df4e0 Exception <a 'java/lang/IncompatibleClassChangeError'{0x00000000d589d218}: Found class java.lang.Object, but interface was expected> (0x00000000d589d218) 
thrown [s\src\hotspot\share\interpreter\linkResolver.cpp, line 840]
Event: 6571.288 Thread 0x000002a5fe0b8a40 Exception <a 'sun/nio/fs/WindowsException'{0x00000000d577b458}> (0x00000000d577b458) 
thrown [s\src\hotspot\share\prims\jni.cpp, line 520]
Event: 6578.855 Thread 0x000002a5fe0b8a40 Exception <a 'sun/nio/fs/WindowsException'{0x00000000d5812908}> (0x00000000d5812908) 
thrown [s\src\hotspot\share\prims\jni.cpp, line 520]
Event: 6775.310 Thread 0x000002a5c2014fd0 Exception <a 'sun/nio/fs/WindowsException'{0x00000000d55a6888}> (0x00000000d55a6888) 
thrown [s\src\hotspot\share\prims\jni.cpp, line 520]
Event: 6775.319 Thread 0x000002a5c2014fd0 Exception <a 'sun/nio/fs/WindowsException'{0x00000000d55a7700}> (0x00000000d55a7700) 
thrown [s\src\hotspot\share\prims\jni.cpp, line 520]

ZGC Phase Switch (0 events):
No events

VM Operations (20 events):
Event: 6615.007 Executing non-safepoint VM operation: RendezvousGCThreads
Event: 6615.007 Executing non-safepoint VM operation: RendezvousGCThreads done
Event: 6675.080 Executing non-safepoint VM operation: HandshakeAllThreads (HandshakeForDeflation)
Event: 6675.084 Executing non-safepoint VM operation: HandshakeAllThreads (HandshakeForDeflation) done
Event: 6675.084 Executing non-safepoint VM operation: RendezvousGCThreads
Event: 6675.084 Executing non-safepoint VM operation: RendezvousGCThreads done
Event: 6710.399 Executing safepoint VM operation: Cleanup
Event: 6710.406 Executing safepoint VM operation: Cleanup done
Event: 6735.197 Executing non-safepoint VM operation: HandshakeAllThreads (HandshakeForDeflation)
Event: 6735.199 Executing non-safepoint VM operation: HandshakeAllThreads (HandshakeForDeflation) done
Event: 6735.199 Executing non-safepoint VM operation: RendezvousGCThreads
Event: 6735.199 Executing non-safepoint VM operation: RendezvousGCThreads done
Event: 6774.254 Executing safepoint VM operation: ParallelGCFailedAllocation (Allocation Failure)
Event: 6775.245 Executing safepoint VM operation: ParallelGCFailedAllocation (Allocation Failure) done
Event: 6776.246 Executing safepoint VM operation: Cleanup
Event: 6776.246 Executing safepoint VM operation: Cleanup done
Event: 6776.811 Executing safepoint VM operation: ParallelGCFailedAllocation (Allocation Failure)
Event: 6776.824 Executing safepoint VM operation: ParallelGCFailedAllocation (Allocation Failure) done
Event: 6777.839 Executing safepoint VM operation: Cleanup
Event: 6777.839 Executing safepoint VM operation: Cleanup done

Memory protections (0 events):
No events

Nmethod flushes (20 events):
Event: 2450.213 Thread 0x000002a5e27ffc20 flushing  nmethod 0x000002a5e7d35f10
Event: 2450.213 Thread 0x000002a5e27ffc20 flushing  nmethod 0x000002a5e7d40990
Event: 2450.213 Thread 0x000002a5e27ffc20 flushing  nmethod 0x000002a5e7d4a510
Event: 2450.213 Thread 0x000002a5e27ffc20 flushing  nmethod 0x000002a5e7d58610
Event: 2450.213 Thread 0x000002a5e27ffc20 flushing  nmethod 0x000002a5e7d59890
Event: 2450.213 Thread 0x000002a5e27ffc20 flushing  nmethod 0x000002a5e7d81d90
Event: 2450.213 Thread 0x000002a5e27ffc20 flushing  nmethod 0x000002a5e7d84810
Event: 2450.213 Thread 0x000002a5e27ffc20 flushing  nmethod 0x000002a5e7d96e90
Event: 2450.213 Thread 0x000002a5e27ffc20 flushing  nmethod 0x000002a5e7deaa90
Event: 2450.213 Thread 0x000002a5e27ffc20 flushing  nmethod 0x000002a5e7e1a410
Event: 2450.213 Thread 0x000002a5e27ffc20 flushing  nmethod 0x000002a5e7e1ab90
Event: 2450.213 Thread 0x000002a5e27ffc20 flushing  nmethod 0x000002a5e7e2aa10
Event: 2450.214 Thread 0x000002a5e27ffc20 flushing  nmethod 0x000002a5e7e2c610
Event: 2450.214 Thread 0x000002a5e27ffc20 flushing  nmethod 0x000002a5e7e33290
Event: 2450.214 Thread 0x000002a5e27ffc20 flushing  nmethod 0x000002a5e7e33610
Event: 2450.214 Thread 0x000002a5e27ffc20 flushing  nmethod 0x000002a5e7e7a190
Event: 2450.214 Thread 0x000002a5e27ffc20 flushing  nmethod 0x000002a5e7e94e10
Event: 2450.214 Thread 0x000002a5e27ffc20 flushing  nmethod 0x000002a5e7e97290
Event: 2450.214 Thread 0x000002a5e27ffc20 flushing  nmethod 0x000002a5e7ebc390
Event: 2450.215 Thread 0x000002a5e27ffc20 flushing osr nmethod 0x000002a5e7f37e10

Events (20 events):
Event: 6620.377 Thread 0x000002a5c2b11a10 Thread exited: 0x000002a5c2b11a10
Event: 6626.879 Thread 0x000002a5c1669260 Thread exited: 0x000002a5c1669260
Event: 6630.639 Thread 0x000002a5c2b0ec20 Thread exited: 0x000002a5c2b0ec20
Event: 6630.799 Thread 0x000002a5c166a610 Thread exited: 0x000002a5c166a610
Event: 6631.518 Thread 0x000002a5c166b9c0 Thread exited: 0x000002a5c166b9c0
Event: 6632.872 Thread 0x000002a5c2019170 Thread exited: 0x000002a5c2019170
Event: 6694.277 Thread 0x000002a5c2b10cf0 Thread exited: 0x000002a5c2b10cf0
Event: 6771.625 Thread 0x000002a5c2b12dc0 Thread exited: 0x000002a5c2b12dc0
Event: 6772.584 Thread 0x000002a5c2014fd0 Thread added: 0x000002a5ff1e0200
Event: 6773.956 Thread 0x000002a5c2014fd0 Thread added: 0x000002a5ff1dcd80
Event: 6774.028 Thread 0x000002a5ff1dcd80 Thread exited: 0x000002a5ff1dcd80
Event: 6775.344 Thread 0x000002a5c2014fd0 Thread added: 0x000002a5ff1dcd80
Event: 6775.375 Thread 0x000002a5ff1dcd80 Thread added: 0x000002a5ff1ddaa0
Event: 6775.399 Thread 0x000002a5ff1dcd80 Thread added: 0x000002a5c2b11a10
Event: 6775.410 Thread 0x000002a5c2b11a10 Thread exited: 0x000002a5c2b11a10
Event: 6775.413 Thread 0x000002a5ff1dcd80 Thread exited: 0x000002a5ff1dcd80
Event: 6775.415 Thread 0x000002a5ff1ddaa0 Thread exited: 0x000002a5ff1ddaa0
Event: 6836.208 Thread 0x000002a5c2b10660 Thread exited: 0x000002a5c2b10660
Event: 6846.812 Thread 0x000002a5c2b13450 Thread exited: 0x000002a5c2b13450
Event: 6866.234 Thread 0x000002a5c201abb0 Thread exited: 0x000002a5c201abb0


Dynamic libraries:
0x00007ff7a4b70000 - 0x00007ff7a4b7e000 	c:\Users\Carlo\.antigravity\extensions\redhat.java-1.53.0-win32-x64\jre\21.0.10-win32-x86_64\bin\java.exe
0x00007ffdded00000 - 0x00007ffddef67000 	C:\WINDOWS\SYSTEM32\ntdll.dll
0x00007ffddda90000 - 0x00007ffdddb59000 	C:\WINDOWS\System32\KERNEL32.DLL
0x00007ffddc060000 - 0x00007ffddc451000 	C:\WINDOWS\System32\KERNELBASE.dll
0x00007ffddc950000 - 0x00007ffddca9b000 	C:\WINDOWS\System32\ucrtbase.dll
0x00007ffdaacc0000 - 0x00007ffdaacd8000 	c:\Users\Carlo\.antigravity\extensions\redhat.java-1.53.0-win32-x64\jre\21.0.10-win32-x86_64\bin\jli.dll
0x00007ffddcee0000 - 0x00007ffddd0a5000 	C:\WINDOWS\System32\USER32.dll
0x00007ffddb5e0000 - 0x00007ffddb607000 	C:\WINDOWS\System32\win32u.dll
0x00007ffddd120000 - 0x00007ffddd14b000 	C:\WINDOWS\System32\GDI32.dll
0x00007ffddb610000 - 0x00007ffddb73b000 	C:\WINDOWS\System32\gdi32full.dll
0x00007ffddc5d0000 - 0x00007ffddc673000 	C:\WINDOWS\System32\msvcp_win.dll
0x00007ffdaaca0000 - 0x00007ffdaacbe000 	c:\Users\Carlo\.antigravity\extensions\redhat.java-1.53.0-win32-x64\jre\21.0.10-win32-x86_64\bin\VCRUNTIME140.dll
0x00007ffdc5ca0000 - 0x00007ffdc5f33000 	C:\WINDOWS\WinSxS\amd64_microsoft.windows.common-controls_6595b64144ccf1df_6.0.26100.8037_none_3e092faae333b53b\COMCTL32.dll
0x00007ffddd9e0000 - 0x00007ffddda89000 	C:\WINDOWS\System32\msvcrt.dll
0x00007ffddec80000 - 0x00007ffddecb1000 	C:\WINDOWS\System32\IMM32.DLL
0x00007ffdcd8e0000 - 0x00007ffdcd8ec000 	c:\Users\Carlo\.antigravity\extensions\redhat.java-1.53.0-win32-x64\jre\21.0.10-win32-x86_64\bin\vcruntime140_1.dll
0x00007ffd9d520000 - 0x00007ffd9d5ad000 	c:\Users\Carlo\.antigravity\extensions\redhat.java-1.53.0-win32-x64\jre\21.0.10-win32-x86_64\bin\msvcp140.dll
0x00007ffd464d0000 - 0x00007ffd47271000 	c:\Users\Carlo\.antigravity\extensions\redhat.java-1.53.0-win32-x64\jre\21.0.10-win32-x86_64\bin\server\jvm.dll
0x00007ffddd330000 - 0x00007ffddd3eb000 	C:\WINDOWS\System32\ADVAPI32.dll
0x00007ffdddb60000 - 0x00007ffdddc07000 	C:\WINDOWS\System32\sechost.dll
0x00007ffddccb0000 - 0x00007ffddcdc8000 	C:\WINDOWS\System32\RPCRT4.dll
0x00007ffddec00000 - 0x00007ffddec74000 	C:\WINDOWS\System32\WS2_32.dll
0x00007ffddb440000 - 0x00007ffddb49e000 	C:\WINDOWS\SYSTEM32\POWRPROF.dll
0x00007ffdc76f0000 - 0x00007ffdc7725000 	C:\WINDOWS\SYSTEM32\WINMM.dll
0x00007ffdcaff0000 - 0x00007ffdcaffb000 	C:\WINDOWS\SYSTEM32\VERSION.dll
0x00007ffddb420000 - 0x00007ffddb434000 	C:\WINDOWS\SYSTEM32\UMPDC.dll
0x00007ffdda370000 - 0x00007ffdda38b000 	C:\WINDOWS\SYSTEM32\kernel.appcore.dll
0x00007ffdcd2b0000 - 0x00007ffdcd2ba000 	c:\Users\Carlo\.antigravity\extensions\redhat.java-1.53.0-win32-x64\jre\21.0.10-win32-x86_64\bin\jimage.dll
0x00007ffdd9520000 - 0x00007ffdd9762000 	C:\WINDOWS\SYSTEM32\DBGHELP.DLL
0x00007ffdde760000 - 0x00007ffddeae2000 	C:\WINDOWS\System32\combase.dll
0x00007ffdde570000 - 0x00007ffdde647000 	C:\WINDOWS\System32\OLEAUT32.dll
0x00007ffdb6500000 - 0x00007ffdb653b000 	C:\WINDOWS\SYSTEM32\dbgcore.DLL
0x00007ffddbfb0000 - 0x00007ffddc055000 	C:\WINDOWS\System32\bcryptPrimitives.dll
0x00007ffdccf10000 - 0x00007ffdccf1f000 	c:\Users\Carlo\.antigravity\extensions\redhat.java-1.53.0-win32-x64\jre\21.0.10-win32-x86_64\bin\instrument.dll
0x00007ffda96b0000 - 0x00007ffda96d0000 	c:\Users\Carlo\.antigravity\extensions\redhat.java-1.53.0-win32-x64\jre\21.0.10-win32-x86_64\bin\java.dll
0x00007ffddde00000 - 0x00007ffdde55f000 	C:\WINDOWS\System32\SHELL32.dll
0x00007ffddc460000 - 0x00007ffddc5ca000 	C:\WINDOWS\System32\wintypes.dll
0x00007ffddb740000 - 0x00007ffddbfa4000 	C:\WINDOWS\System32\windows.storage.dll
0x00007ffdde660000 - 0x00007ffdde757000 	C:\WINDOWS\System32\SHCORE.dll
0x00007ffddd0b0000 - 0x00007ffddd117000 	C:\WINDOWS\System32\shlwapi.dll
0x00007ffddb500000 - 0x00007ffddb529000 	C:\WINDOWS\SYSTEM32\profapi.dll
0x00007ffd9f7d0000 - 0x00007ffd9f7e8000 	c:\Users\Carlo\.antigravity\extensions\redhat.java-1.53.0-win32-x64\jre\21.0.10-win32-x86_64\bin\zip.dll
0x00007ffdc9f30000 - 0x00007ffdc9f40000 	C:\Users\Carlo\.antigravity\extensions\redhat.java-1.53.0-win32-x64\jre\21.0.10-win32-x86_64\bin\net.dll
0x00007ffdcc200000 - 0x00007ffdcc327000 	C:\WINDOWS\SYSTEM32\WINHTTP.dll
0x00007ffdda8e0000 - 0x00007ffdda94b000 	C:\WINDOWS\system32\mswsock.dll
0x00007ffd9f6a0000 - 0x00007ffd9f6b6000 	C:\Users\Carlo\.antigravity\extensions\redhat.java-1.53.0-win32-x64\jre\21.0.10-win32-x86_64\bin\nio.dll
0x00007ffdc9c40000 - 0x00007ffdc9c50000 	c:\Users\Carlo\.antigravity\extensions\redhat.java-1.53.0-win32-x64\jre\21.0.10-win32-x86_64\bin\verify.dll
0x00007ffda22b0000 - 0x00007ffda22f5000 	C:\Users\Carlo\AppData\Roaming\Antigravity\User\globalStorage\redhat.java\1.53.0\config_win\org.eclipse.equinox.launcher\org.eclipse.equinox.launcher.win32.win32.x86_64_1.3.0.v20260203-2149\eclipse_11919.dll
0x00007ffddcb10000 - 0x00007ffddcca5000 	C:\WINDOWS\System32\ole32.dll
0x00007ffddabc0000 - 0x00007ffddabdb000 	C:\WINDOWS\SYSTEM32\CRYPTSP.dll
0x00007ffdda2d0000 - 0x00007ffdda309000 	C:\WINDOWS\system32\rsaenh.dll
0x00007ffdda990000 - 0x00007ffdda9c2000 	C:\WINDOWS\SYSTEM32\USERENV.dll
0x00007ffddb4d0000 - 0x00007ffddb4fa000 	C:\WINDOWS\SYSTEM32\bcrypt.dll
0x00007ffddabe0000 - 0x00007ffddabec000 	C:\WINDOWS\SYSTEM32\CRYPTBASE.dll
0x00007ffdd9de0000 - 0x00007ffdd9e13000 	C:\WINDOWS\SYSTEM32\IPHLPAPI.DLL
0x00007ffdddcf0000 - 0x00007ffdddcfa000 	C:\WINDOWS\System32\NSI.dll
0x00007ffd9c7c0000 - 0x00007ffd9c809000 	C:\Users\Carlo\AppData\Local\Temp\jna-64878647\jna2483844161267311420.dll
0x00007ffddcaa0000 - 0x00007ffddcaa8000 	C:\WINDOWS\System32\PSAPI.DLL
0x00007ffdcc440000 - 0x00007ffdcc45d000 	C:\WINDOWS\SYSTEM32\dhcpcsvc6.DLL
0x00007ffdcc410000 - 0x00007ffdcc433000 	C:\WINDOWS\SYSTEM32\dhcpcsvc.DLL
0x00007ffdda490000 - 0x00007ffdda4c6000 	C:\WINDOWS\SYSTEM32\ntmarta.dll

JVMTI agents:
c:\Users\Carlo\.antigravity\extensions\redhat.java-1.53.0-win32-x64\lombok\lombok-1.18.39-4050.jar path:c:\Users\Carlo\.antigravity\extensions\redhat.java-1.53.0-win32-x64\jre\21.0.10-win32-x86_64\bin\instrument.dll, loaded, initialized, instrumentlib options:none

dbghelp: loaded successfully - version: 4.0.5 - missing functions: none
symbol engine: initialized successfully - sym options: 0x614 - pdb path: .;c:\Users\Carlo\.antigravity\extensions\redhat.java-1.53.0-win32-x64\jre\21.0.10-win32-x86_64\bin;C:\WINDOWS\SYSTEM32;C:\WINDOWS\WinSxS\amd64_microsoft.windows.common-controls_6595b64144ccf1df_6.0.26100.8037_none_3e092faae333b53b;c:\Users\Carlo\.antigravity\extensions\redhat.java-1.53.0-win32-x64\jre\21.0.10-win32-x86_64\bin\server;C:\Users\Carlo\AppData\Roaming\Antigravity\User\globalStorage\redhat.java\1.53.0\config_win\org.eclipse.equinox.launcher\org.eclipse.equinox.launcher.win32.win32.x86_64_1.3.0.v20260203-2149;C:\Users\Carlo\AppData\Local\Temp\jna-64878647

VM Arguments:
jvm_args: --add-modules=ALL-SYSTEM --add-opens=java.base/java.util=ALL-UNNAMED --add-opens=java.base/java.lang=ALL-UNNAMED --add-opens=java.base/sun.nio.fs=ALL-UNNAMED -Declipse.application=org.eclipse.jdt.ls.core.id1 -Dosgi.bundles.defaultStartLevel=4 -Declipse.product=org.eclipse.jdt.ls.core.product -Djava.import.generatesMetadataFilesAtProjectRoot=false -DDetectVMInstallationsJob.disabled=true -Dfile.encoding=utf8 -XX:+UseParallelGC -XX:GCTimeRatio=4 -XX:AdaptiveSizePolicyWeight=90 -Dsun.zip.disableMemoryMapping=true -Xmx2G -Xms100m -Xlog:disable -javaagent:c:\Users\Carlo\.antigravity\extensions\redhat.java-1.53.0-win32-x64\lombok\lombok-1.18.39-4050.jar -XX:+HeapDumpOnOutOfMemoryError -XX:HeapDumpPath=c:\Users\Carlo\AppData\Roaming\Antigravity\User\workspaceStorage\faffdeba33756e25f9ca15c8ff8a33c3\redhat.java -Daether.dependencyCollector.impl=bf 
java_command: c:\Users\Carlo\.antigravity\extensions\redhat.java-1.53.0-win32-x64\server\plugins\org.eclipse.equinox.launcher_1.7.100.v20251111-0406.jar -configuration c:\Users\Carlo\AppData\Roaming\Antigravity\User\globalStorage\redhat.java\1.53.0\config_win -data c:\Users\Carlo\AppData\Roaming\Antigravity\User\workspaceStorage\faffdeba33756e25f9ca15c8ff8a33c3\redhat.java\jdt_ws --pipe=\\.\pipe\lsp-c42fc382c9dc2e8e0b0f8bf32beaa58d-sock
java_class_path (initial): c:\Users\Carlo\.antigravity\extensions\redhat.java-1.53.0-win32-x64\server\plugins\org.eclipse.equinox.launcher_1.7.100.v20251111-0406.jar
Launcher Type: SUN_STANDARD

[Global flags]
    uintx AdaptiveSizePolicyWeight                 = 90                                        {product} {command line}
     intx CICompilerCount                          = 3                                         {product} {ergonomic}
    uintx GCTimeRatio                              = 4                                         {product} {command line}
     bool HeapDumpOnOutOfMemoryError               = true                                   {manageable} {command line}
    ccstr HeapDumpPath                             = c:\Users\Carlo\AppData\Roaming\Antigravity\User\workspaceStorage\faffdeba33756e25f9ca15c8ff8a33c3\redhat.java         {manageable} {command line}
   size_t InitialHeapSize                          = 104857600                                 {product} {command line}
   size_t MaxHeapSize                              = 2147483648                                {product} {command line}
   size_t MaxNewSize                               = 715653120                                 {product} {ergonomic}
   size_t MinHeapDeltaBytes                        = 524288                                    {product} {ergonomic}
   size_t MinHeapSize                              = 104857600                                 {product} {command line}
   size_t NewSize                                  = 34603008                                  {product} {ergonomic}
    uintx NonNMethodCodeHeapSize                   = 5832780                                {pd product} {ergonomic}
    uintx NonProfiledCodeHeapSize                  = 122912730                              {pd product} {ergonomic}
   size_t OldSize                                  = 70254592                                  {product} {ergonomic}
    uintx ProfiledCodeHeapSize                     = 122912730                              {pd product} {ergonomic}
    uintx ReservedCodeCacheSize                    = 251658240                              {pd product} {ergonomic}
     bool SegmentedCodeCache                       = true                                      {product} {ergonomic}
   size_t SoftMaxHeapSize                          = 2147483648                             {manageable} {ergonomic}
     bool UseCompressedOops                        = true                           {product lp64_product} {ergonomic}
     bool UseLargePagesIndividualAllocation        = false                                  {pd product} {ergonomic}
     bool UseParallelGC                            = true                                      {product} {command line}

Logging:
Log output configuration:
 #0: stdout all=off uptime,level,tags foldmultilines=false
 #1: stderr all=off uptime,level,tags foldmultilines=false

Release file:
JAVA_VERSION="21.0.10" 
MODULES="java.base java.compiler java.datatransfer java.xml java.prefs java.desktop java.instrument java.logging java.management java.security.sasl java.naming java.rmi java.management.rmi java.net.http java.scripting java.security.jgss java.transaction.xa java.sql java.sql.rowset java.xml.crypto java.se java.smartcardio jdk.accessibility jdk.internal.jvmstat jdk.attach jdk.charsets jdk.internal.opt jdk.zipfs jdk.compiler jdk.crypto.ec jdk.crypto.cryptoki jdk.crypto.mscapi jdk.dynalink jdk.internal.ed jdk.editpad jdk.hotspot.agent jdk.httpserver jdk.internal.le jdk.internal.vm.ci jdk.internal.vm.compiler jdk.internal.vm.compiler.management jdk.jartool jdk.javadoc jdk.jcmd jdk.management jdk.management.agent jdk.jconsole jdk.jdeps jdk.jdwp.agent jdk.jdi jdk.jfr jdk.jshell jdk.jsobject jdk.jstatd jdk.localedata jdk.management.jfr jdk.naming.dns jdk.naming.rmi jdk.net jdk.nio.mapmode jdk.random jdk.sctp jdk.security.auth jdk.security.jgss jdk.unsupported jdk.unsupported.desktop jdk.xml.dom" 

Environment Variables:
JAVA_HOME=C:\Users\Carlo\scoop\apps\openjdk25\current
PATH=C:\WINDOWS\system32;C:\WINDOWS;C:\WINDOWS\System32\Wbem;C:\WINDOWS\System32\WindowsPowerShell\v1.0\;C:\WINDOWS\System32\OpenSSH\;C:\Program Files\Microsoft SQL Server\150\Tools\Binn\;C:\Program Files\Microsoft SQL Server\Client SDK\ODBC\170\Tools\Binn\;C:\Program Files\Git\cmd;C:\Users\Carlo\AppData\Roaming\Python\Python313\Scripts;C:\Program Files\nodejs\;C:\Program Files (x86)\Microsoft SQL Server\160\Tools\Binn\;C:\Program Files\Microsoft SQL Server\160\Tools\Binn\;C:\Program Files\Microsoft SQL Server\160\DTS\Binn\;C:\Users\Carlo\scoop\apps\openjdk25\current\bin;C:\Program Files\Docker\Docker\resources\bin;C:\Users\Carlo\Downloads\script_python;C:\php\php-8.4;C:\ProgramData\ComposerSetup\bin;C:\ffmpeg\bin;C:\Users\Carlo\scoop\apps\maven\current\bin;C:\Users\Carlo\scoop\apps\openjdk25\current\bin;C:\Users\Carlo\scoop\shims;C:\Users\Carlo\AppData\Local\Programs\Python\Python313\Scripts\;C:\Users\Carlo\AppData\Local\Programs\Python\Python313\;C:\Users\Carlo\AppData\Local\Programs\Python\Launcher\;C:\Users\Carlo\AppData\Local\Microsoft\WindowsApps;C:\Program Files\JetBrains\IntelliJ IDEA 2024.3.2\bin;;C:\Users\Carlo\AppData\Roaming\npm;C:\Users\Carlo\AppData\Local\Programs\Microsoft VS Code\bin;C:\Users\Carlo\AppData\Roaming\Composer\vendor\bin;C:\Users\Carlo\AppData\Local\Programs\Antigravity\bin
USERNAME=Carlo
OS=Windows_NT
PROCESSOR_IDENTIFIER=Intel64 Family 6 Model 142 Stepping 12, GenuineIntel
TMP=C:\Users\Carlo\AppData\Local\Temp
TEMP=C:\Users\Carlo\AppData\Local\Temp




Periodic native trim disabled

---------------  S Y S T E M  ---------------

OS:
 Windows 11 , 64 bit Build 26100 (10.0.26100.7920)
OS uptime: 1 days 22:53 hours
Hyper-V role detected

CPU: total 4 (initial active 4) (2 cores per cpu, 2 threads per core) family 6 model 142 stepping 12 microcode 0xec, cx8, cmov, fxsr, ht, mmx, 3dnowpref, sse, sse2, sse3, ssse3, sse4.1, sse4.2, popcnt, lzcnt, tsc, tscinvbit, avx, avx2, aes, erms, clmul, bmi1, bmi2, adx, fma, vzeroupper, clflush, clflushopt, hv, rdtscp, f16c
Processor Information for the first 4 processors :
  Max Mhz: 2592, Current Mhz: 2093, Mhz Limit: 2073

Memory: 4k page, system-wide physical 3930M (346M free)
TotalPageFile size 16218M (AvailPageFile size 4M)
current process WorkingSet (physical memory assigned to process): 7M, peak: 366M
current process commit charge ("private bytes"): 1647M, peak: 1652M

vm_info: OpenJDK 64-Bit Server VM (21.0.10+7-LTS) for windows-amd64 JRE (21.0.10+7-LTS), built on 2026-01-20T00:00:00Z by "admin" with MS VC++ 17.12 (VS2022)

END.
